28c28
< OK
---
> ERROR (No room)
53c53
< superman
---
> 
68c68
< DENIED
---
> ERROR (user not in room)
77c77
< OK
---
> ERROR (user not in room)
86c86
< DENIED
---
> ERROR (User not in room)
91c91
< DENIED
---
> ERROR (User not in room)
96c96
< DENIED
---
> NO-NEW-MESSAGES
105c105
< DENIED
---
> ERROR (User not in room)
