28c28
< OK
---
> ERROR (No room)
32c32
< DENIED
---
> ERROR (Wrong password)
40c40
< DENIED
---
> ERROR (Wrong password)
49c49
< DENIED
---
> ERROR (Wrong password)
53c53
< superman
---
> 
63c63
< DENIED
---
> ERROR (Wrong password)
68c68
< DENIED
---
> ERROR (user not in room)
72c72
< DENIED
---
> ERROR (Wrong password)
77c77
< OK
---
> ERROR (user not in room)
81c81
< DENIED
---
> ERROR (Wrong password)
86c86
< DENIED
---
> ERROR (User not in room)
91c91
< DENIED
---
> ERROR (User not in room)
96c96
< DENIED
---
> NO-NEW-MESSAGES
105c105
< DENIED
---
> ERROR (User not in room)
